// Jest Snapshot v1, https://goo.gl/fbAQLP

exports[`Auth create container should render correctly 1`] = `ShallowWrapper {}`;
