// Jest Snapshot v1, https://goo.gl/fbAQLP

exports[`Unallocated component should render list correctly 1`] = `ShallowWrapper {}`;
